<?xml version="1.0" encoding="UTF-8"?>
<testng-results ignored="0" total="32" passed="32" failed="0" skipped="0">
  <reporter-output>
  </reporter-output>
  <suite started-at="2024-02-08T15:16:25 IST" name="Parallel Testing Suite" finished-at="2024-02-08T15:36:25 IST" duration-ms="1199738">
    <groups>
      <group name="Sanity_test">
        <method signature="QKART_Tests.TestCase01(java.lang.String,java.lang.String)[pri:1, instance:QKART_TESTNG.QKART_Tests@595520db]" name="TestCase01" class="QKART_TESTNG.QKART_Tests"/>
        <method signature="QKART_Tests.TestCase02(java.lang.String,java.lang.String)[pri:2, instance:QKART_TESTNG.QKART_Tests@595520db]" name="TestCase02" class="QKART_TESTNG.QKART_Tests"/>
        <method signature="QKART_Tests.TestCase03(java.lang.String)[pri:3, instance:QKART_TESTNG.QKART_Tests@595520db]" name="TestCase03" class="QKART_TESTNG.QKART_Tests"/>
        <method signature="QKART_Tests.TestCase05(java.lang.String,java.lang.String,java.lang.String)[pri:5, instance:QKART_TESTNG.QKART_Tests@595520db]" name="TestCase05" class="QKART_TESTNG.QKART_Tests"/>
        <method signature="QKART_Tests.TestCase08(java.lang.String,java.lang.String)[pri:8, instance:QKART_TESTNG.QKART_Tests@595520db]" name="TestCase08" class="QKART_TESTNG.QKART_Tests"/>
        <method signature="QKART_Tests.TestCase12(java.lang.String,java.lang.String)[pri:12, instance:QKART_TESTNG.QKART_Tests@595520db]" name="TestCase12" class="QKART_TESTNG.QKART_Tests"/>
      </group> <!-- Sanity_test -->
      <group name="Regression_Test">
        <method signature="QKART_Tests.TestCase10()[pri:9, instance:QKART_TESTNG.QKART_Tests@595520db]" name="TestCase10" class="QKART_TESTNG.QKART_Tests"/>
        <method signature="QKART_Tests.TestCase09()[pri:10, instance:QKART_TESTNG.QKART_Tests@595520db]" name="TestCase09" class="QKART_TESTNG.QKART_Tests"/>
        <method signature="QKART_Tests.TestCase04(java.lang.String)[pri:4, instance:QKART_TESTNG.QKART_Tests@595520db]" name="TestCase04" class="QKART_TESTNG.QKART_Tests"/>
        <method signature="QKART_Tests.TestCase06(java.lang.String,java.lang.String)[pri:6, instance:QKART_TESTNG.QKART_Tests@595520db]" name="TestCase06" class="QKART_TESTNG.QKART_Tests"/>
        <method signature="QKART_Tests.TestCase07(java.lang.String)[pri:7, instance:QKART_TESTNG.QKART_Tests@595520db]" name="TestCase07" class="QKART_TESTNG.QKART_Tests"/>
        <method signature="QKART_Tests.TestCase11(java.lang.String,java.lang.String,java.lang.String)[pri:11, instance:QKART_TESTNG.QKART_Tests@595520db]" name="TestCase11" class="QKART_TESTNG.QKART_Tests"/>
      </group> <!-- Regression_Test -->
    </groups>
    <test started-at="2024-02-08T15:16:25 IST" name="Parallel Tests" finished-at="2024-02-08T15:36:25 IST" duration-ms="1199738">
      <class name="QKART_TESTNG.QKART_Tests">
        <test-method is-config="true" signature="createDriver()[pri:0, instance:QKART_TESTNG.QKART_Tests@595520db]" started-at="2024-02-08T15:16:21 IST" name="createDriver" finished-at="2024-02-08T15:16:25 IST" duration-ms="3988" status="PASS">
          <reporter-output>
          </reporter-output>
        </test-method> <!-- createDriver -->
        <test-method signature="TestCase01(java.lang.String,java.lang.String)[pri:1, instance:QKART_TESTNG.QKART_Tests@595520db]" started-at="2024-02-08T15:16:27 IST" name="TestCase01" description="Verify registration happens correctly" data-provider="data-provider" finished-at="2024-02-08T15:16:39 IST" duration-ms="11550" status="PASS">
          <params>
            <param index="0">
              <value>
                <![CDATA[testUsername]]>
              </value>
            </param>
            <param index="1">
              <value>
                <![CDATA[testPassword]]>
              </value>
            </param>
          </params>
          <reporter-output>
          </reporter-output>
        </test-method> <!-- TestCase01 -->
        <test-method signature="TestCase01(java.lang.String,java.lang.String)[pri:1, instance:QKART_TESTNG.QKART_Tests@595520db]" started-at="2024-02-08T15:16:39 IST" name="TestCase01" description="Verify registration happens correctly" data-provider="data-provider" finished-at="2024-02-08T15:16:50 IST" duration-ms="11000" status="PASS">
          <params>
            <param index="0">
              <value>
                <![CDATA[testUsername123]]>
              </value>
            </param>
            <param index="1">
              <value>
                <![CDATA[testPassword123]]>
              </value>
            </param>
          </params>
          <reporter-output>
          </reporter-output>
        </test-method> <!-- TestCase01 -->
        <test-method signature="TestCase01(java.lang.String,java.lang.String)[pri:1, instance:QKART_TESTNG.QKART_Tests@595520db]" started-at="2024-02-08T15:16:50 IST" name="TestCase01" description="Verify registration happens correctly" data-provider="data-provider" finished-at="2024-02-08T15:17:01 IST" duration-ms="10883" status="PASS">
          <params>
            <param index="0">
              <value>
                <![CDATA[test_123]]>
              </value>
            </param>
            <param index="1">
              <value>
                <![CDATA[test_123]]>
              </value>
            </param>
          </params>
          <reporter-output>
          </reporter-output>
        </test-method> <!-- TestCase01 -->
        <test-method signature="TestCase02(java.lang.String,java.lang.String)[pri:2, instance:QKART_TESTNG.QKART_Tests@595520db]" started-at="2024-02-08T15:17:01 IST" name="TestCase02" description="Verify re-registering an already registered user fails" data-provider="data-provider" finished-at="2024-02-08T15:17:36 IST" duration-ms="34996" status="PASS">
          <params>
            <param index="0">
              <value>
                <![CDATA[testUsername]]>
              </value>
            </param>
            <param index="1">
              <value>
                <![CDATA[testPassword]]>
              </value>
            </param>
          </params>
          <reporter-output>
          </reporter-output>
        </test-method> <!-- TestCase02 -->
        <test-method signature="TestCase02(java.lang.String,java.lang.String)[pri:2, instance:QKART_TESTNG.QKART_Tests@595520db]" started-at="2024-02-08T15:17:36 IST" name="TestCase02" description="Verify re-registering an already registered user fails" data-provider="data-provider" finished-at="2024-02-08T15:18:12 IST" duration-ms="36191" status="PASS">
          <params>
            <param index="0">
              <value>
                <![CDATA[testUsername123]]>
              </value>
            </param>
            <param index="1">
              <value>
                <![CDATA[testPassword123]]>
              </value>
            </param>
          </params>
          <reporter-output>
          </reporter-output>
        </test-method> <!-- TestCase02 -->
        <test-method signature="TestCase02(java.lang.String,java.lang.String)[pri:2, instance:QKART_TESTNG.QKART_Tests@595520db]" started-at="2024-02-08T15:18:12 IST" name="TestCase02" description="Verify re-registering an already registered user fails" data-provider="data-provider" finished-at="2024-02-08T15:18:47 IST" duration-ms="34208" status="PASS">
          <params>
            <param index="0">
              <value>
                <![CDATA[test_123]]>
              </value>
            </param>
            <param index="1">
              <value>
                <![CDATA[test_123]]>
              </value>
            </param>
          </params>
          <reporter-output>
          </reporter-output>
        </test-method> <!-- TestCase02 -->
        <test-method signature="TestCase03(java.lang.String)[pri:3, instance:QKART_TESTNG.QKART_Tests@595520db]" started-at="2024-02-08T15:18:47 IST" name="TestCase03" description="Verify the functionality of search text box" data-provider="data-provider" finished-at="2024-02-08T15:19:24 IST" duration-ms="36972" status="PASS">
          <params>
            <param index="0">
              <value>
                <![CDATA[YONEX]]>
              </value>
            </param>
          </params>
          <reporter-output>
          </reporter-output>
        </test-method> <!-- TestCase03 -->
        <test-method signature="TestCase03(java.lang.String)[pri:3, instance:QKART_TESTNG.QKART_Tests@595520db]" started-at="2024-02-08T15:19:24 IST" name="TestCase03" description="Verify the functionality of search text box" data-provider="data-provider" finished-at="2024-02-08T15:20:00 IST" duration-ms="36739" status="PASS">
          <params>
            <param index="0">
              <value>
                <![CDATA[Roadster]]>
              </value>
            </param>
          </params>
          <reporter-output>
          </reporter-output>
        </test-method> <!-- TestCase03 -->
        <test-method signature="TestCase03(java.lang.String)[pri:3, instance:QKART_TESTNG.QKART_Tests@595520db]" started-at="2024-02-08T15:20:00 IST" name="TestCase03" description="Verify the functionality of search text box" data-provider="data-provider" finished-at="2024-02-08T15:20:37 IST" duration-ms="37034" status="PASS">
          <params>
            <param index="0">
              <value>
                <![CDATA[Connector]]>
              </value>
            </param>
          </params>
          <reporter-output>
          </reporter-output>
        </test-method> <!-- TestCase03 -->
        <test-method signature="TestCase04(java.lang.String)[pri:4, instance:QKART_TESTNG.QKART_Tests@595520db]" started-at="2024-02-08T15:20:38 IST" name="TestCase04" description="Verify the existence of size chart for certain items and validate contents of size chart" data-provider="data-provider" finished-at="2024-02-08T15:20:49 IST" duration-ms="11096" status="PASS">
          <params>
            <param index="0">
              <value>
                <![CDATA[Nike Mens Running Shoes]]>
              </value>
            </param>
          </params>
          <reporter-output>
          </reporter-output>
        </test-method> <!-- TestCase04 -->
        <test-method signature="TestCase04(java.lang.String)[pri:4, instance:QKART_TESTNG.QKART_Tests@595520db]" started-at="2024-02-08T15:20:49 IST" name="TestCase04" description="Verify the existence of size chart for certain items and validate contents of size chart" data-provider="data-provider" finished-at="2024-02-08T15:21:00 IST" duration-ms="10794" status="PASS">
          <params>
            <param index="0">
              <value>
                <![CDATA[Roadster]]>
              </value>
            </param>
          </params>
          <reporter-output>
          </reporter-output>
        </test-method> <!-- TestCase04 -->
        <test-method signature="TestCase04(java.lang.String)[pri:4, instance:QKART_TESTNG.QKART_Tests@595520db]" started-at="2024-02-08T15:21:00 IST" name="TestCase04" description="Verify the existence of size chart for certain items and validate contents of size chart" data-provider="data-provider" finished-at="2024-02-08T15:21:11 IST" duration-ms="11655" status="PASS">
          <params>
            <param index="0">
              <value>
                <![CDATA[HandBag]]>
              </value>
            </param>
          </params>
          <reporter-output>
          </reporter-output>
        </test-method> <!-- TestCase04 -->
        <test-method signature="TestCase05(java.lang.String,java.lang.String,java.lang.String)[pri:5, instance:QKART_TESTNG.QKART_Tests@595520db]" started-at="2024-02-08T15:21:11 IST" name="TestCase05" description="Verify that a new user can add multiple products in to the cart and Checkout" data-provider="data-provider" finished-at="2024-02-08T15:21:42 IST" duration-ms="30177" status="PASS">
          <params>
            <param index="0">
              <value>
                <![CDATA[YONEX Smash Badminton Racquet]]>
              </value>
            </param>
            <param index="1">
              <value>
                <![CDATA[Tan Leatherette Weekender Duffle]]>
              </value>
            </param>
            <param index="2">
              <value>
                <![CDATA[Addr line 1 addr Line 2 addr line 3]]>
              </value>
            </param>
          </params>
          <reporter-output>
          </reporter-output>
        </test-method> <!-- TestCase05 -->
        <test-method signature="TestCase05(java.lang.String,java.lang.String,java.lang.String)[pri:5, instance:QKART_TESTNG.QKART_Tests@595520db]" started-at="2024-02-08T15:21:42 IST" name="TestCase05" description="Verify that a new user can add multiple products in to the cart and Checkout" data-provider="data-provider" finished-at="2024-02-08T15:22:10 IST" duration-ms="28138" status="PASS">
          <params>
            <param index="0">
              <value>
                <![CDATA[Tan Leatherette Weekender Duffle]]>
              </value>
            </param>
            <param index="1">
              <value>
                <![CDATA[YONEX Smash Badminton Racquet]]>
              </value>
            </param>
            <param index="2">
              <value>
                <![CDATA[TEST ADDR LINES COUNT GREATER TH]]>
              </value>
            </param>
          </params>
          <reporter-output>
          </reporter-output>
        </test-method> <!-- TestCase05 -->
        <test-method signature="TestCase05(java.lang.String,java.lang.String,java.lang.String)[pri:5, instance:QKART_TESTNG.QKART_Tests@595520db]" started-at="2024-02-08T15:22:10 IST" name="TestCase05" description="Verify that a new user can add multiple products in to the cart and Checkout" data-provider="data-provider" finished-at="2024-02-08T15:22:42 IST" duration-ms="32610" status="PASS">
          <params>
            <param index="0">
              <value>
                <![CDATA[YONEX Smash Badminton Racquet]]>
              </value>
            </param>
            <param index="1">
              <value>
                <![CDATA[Connector]]>
              </value>
            </param>
            <param index="2">
              <value>
                <![CDATA[1 Hacker Way Menlo Park, CA 94025]]>
              </value>
            </param>
          </params>
          <reporter-output>
          </reporter-output>
        </test-method> <!-- TestCase05 -->
        <test-method signature="TestCase06(java.lang.String,java.lang.String)[pri:6, instance:QKART_TESTNG.QKART_Tests@595520db]" started-at="2024-02-08T15:22:42 IST" name="TestCase06" description="Verify that the contents of the cart can be edited" data-provider="data-provider" finished-at="2024-02-08T15:23:15 IST" duration-ms="32994" status="PASS">
          <params>
            <param index="0">
              <value>
                <![CDATA[Xtend Smart Watch]]>
              </value>
            </param>
            <param index="1">
              <value>
                <![CDATA[Yarine Floor Lamp]]>
              </value>
            </param>
          </params>
          <reporter-output>
          </reporter-output>
        </test-method> <!-- TestCase06 -->
        <test-method signature="TestCase06(java.lang.String,java.lang.String)[pri:6, instance:QKART_TESTNG.QKART_Tests@595520db]" started-at="2024-02-08T15:23:15 IST" name="TestCase06" description="Verify that the contents of the cart can be edited" data-provider="data-provider" finished-at="2024-02-08T15:23:48 IST" duration-ms="32992" status="PASS">
          <params>
            <param index="0">
              <value>
                <![CDATA[Yarine Floor Lamp]]>
              </value>
            </param>
            <param index="1">
              <value>
                <![CDATA[Connector]]>
              </value>
            </param>
          </params>
          <reporter-output>
          </reporter-output>
        </test-method> <!-- TestCase06 -->
        <test-method signature="TestCase06(java.lang.String,java.lang.String)[pri:6, instance:QKART_TESTNG.QKART_Tests@595520db]" started-at="2024-02-08T15:23:48 IST" name="TestCase06" description="Verify that the contents of the cart can be edited" data-provider="data-provider" finished-at="2024-02-08T15:24:19 IST" duration-ms="31066" status="PASS">
          <params>
            <param index="0">
              <value>
                <![CDATA[Connector]]>
              </value>
            </param>
            <param index="1">
              <value>
                <![CDATA[Kindle]]>
              </value>
            </param>
          </params>
          <reporter-output>
          </reporter-output>
        </test-method> <!-- TestCase06 -->
        <test-method signature="TestCase07(java.lang.String)[pri:7, instance:QKART_TESTNG.QKART_Tests@595520db]" started-at="2024-02-08T15:24:20 IST" name="TestCase07" description="Verify that the contents made to the cart are saved against the user&#039;s login details" data-provider="data-provider" finished-at="2024-02-08T15:24:52 IST" duration-ms="32126" status="PASS">
          <params>
            <param index="0">
              <value>
                <![CDATA[Tan Leatherette Weekender Duffle;Xtend Smart Watch]]>
              </value>
            </param>
          </params>
          <reporter-output>
          </reporter-output>
        </test-method> <!-- TestCase07 -->
        <test-method signature="TestCase07(java.lang.String)[pri:7, instance:QKART_TESTNG.QKART_Tests@595520db]" started-at="2024-02-08T15:24:52 IST" name="TestCase07" description="Verify that the contents made to the cart are saved against the user&#039;s login details" data-provider="data-provider" finished-at="2024-02-08T15:25:26 IST" duration-ms="34430" status="PASS">
          <params>
            <param index="0">
              <value>
                <![CDATA[Connector;Xtend Smart Watch]]>
              </value>
            </param>
          </params>
          <reporter-output>
          </reporter-output>
        </test-method> <!-- TestCase07 -->
        <test-method signature="TestCase07(java.lang.String)[pri:7, instance:QKART_TESTNG.QKART_Tests@595520db]" started-at="2024-02-08T15:25:26 IST" name="TestCase07" description="Verify that the contents made to the cart are saved against the user&#039;s login details" data-provider="data-provider" finished-at="2024-02-08T15:25:59 IST" duration-ms="32895" status="PASS">
          <params>
            <param index="0">
              <value>
                <![CDATA[Kindle;Jenga]]>
              </value>
            </param>
          </params>
          <reporter-output>
          </reporter-output>
        </test-method> <!-- TestCase07 -->
        <test-method signature="TestCase08(java.lang.String,java.lang.String)[pri:8, instance:QKART_TESTNG.QKART_Tests@595520db]" started-at="2024-02-08T15:25:59 IST" name="TestCase08" description="Verify that insufficient balance error is thrown when the wallet balance is not enough" data-provider="data-provider" finished-at="2024-02-08T15:29:24 IST" duration-ms="204632" status="PASS">
          <params>
            <param index="0">
              <value>
                <![CDATA[Tan Leatherette Weekender Duffle]]>
              </value>
            </param>
            <param index="1">
              <value>
                <![CDATA[60.0]]>
              </value>
            </param>
          </params>
          <reporter-output>
          </reporter-output>
        </test-method> <!-- TestCase08 -->
        <test-method signature="TestCase08(java.lang.String,java.lang.String)[pri:8, instance:QKART_TESTNG.QKART_Tests@595520db]" started-at="2024-02-08T15:29:24 IST" name="TestCase08" description="Verify that insufficient balance error is thrown when the wallet balance is not enough" data-provider="data-provider" finished-at="2024-02-08T15:31:58 IST" duration-ms="154195" status="PASS">
          <params>
            <param index="0">
              <value>
                <![CDATA[SuitCase]]>
              </value>
            </param>
            <param index="1">
              <value>
                <![CDATA[50.0]]>
              </value>
            </param>
          </params>
          <reporter-output>
          </reporter-output>
        </test-method> <!-- TestCase08 -->
        <test-method signature="TestCase08(java.lang.String,java.lang.String)[pri:8, instance:QKART_TESTNG.QKART_Tests@595520db]" started-at="2024-02-08T15:31:58 IST" name="TestCase08" description="Verify that insufficient balance error is thrown when the wallet balance is not enough" data-provider="data-provider" finished-at="2024-02-08T15:34:24 IST" duration-ms="145747" status="PASS">
          <params>
            <param index="0">
              <value>
                <![CDATA[Jenga]]>
              </value>
            </param>
            <param index="1">
              <value>
                <![CDATA[60.0]]>
              </value>
            </param>
          </params>
          <reporter-output>
          </reporter-output>
        </test-method> <!-- TestCase08 -->
        <test-method signature="TestCase10()[pri:9, instance:QKART_TESTNG.QKART_Tests@595520db]" started-at="2024-02-08T15:34:24 IST" name="TestCase10" description="Verify that privacy policy and about us links are working fine" finished-at="2024-02-08T15:34:35 IST" duration-ms="11109" status="PASS">
          <reporter-output>
          </reporter-output>
        </test-method> <!-- TestCase10 -->
        <test-method signature="TestCase09()[pri:10, instance:QKART_TESTNG.QKART_Tests@595520db]" started-at="2024-02-08T15:34:35 IST" name="TestCase09" description="Verify that a product added to a cart is available when a new tab is added" finished-at="2024-02-08T15:34:56 IST" depends-on-methods="QKART_TESTNG.QKART_Tests.TestCase10" duration-ms="20818" status="PASS">
          <reporter-output>
          </reporter-output>
        </test-method> <!-- TestCase09 -->
        <test-method signature="TestCase11(java.lang.String,java.lang.String,java.lang.String)[pri:11, instance:QKART_TESTNG.QKART_Tests@595520db]" started-at="2024-02-08T15:34:56 IST" name="TestCase11" description="Verify that the contact us dialog works fine" data-provider="data-provider" finished-at="2024-02-08T15:34:58 IST" duration-ms="2017" status="PASS">
          <params>
            <param index="0">
              <value>
                <![CDATA[crio user]]>
              </value>
            </param>
            <param index="1">
              <value>
                <![CDATA[criouser@gmail.com]]>
              </value>
            </param>
            <param index="2">
              <value>
                <![CDATA[Testing the contact us page]]>
              </value>
            </param>
          </params>
          <reporter-output>
          </reporter-output>
        </test-method> <!-- TestCase11 -->
        <test-method signature="TestCase11(java.lang.String,java.lang.String,java.lang.String)[pri:11, instance:QKART_TESTNG.QKART_Tests@595520db]" started-at="2024-02-08T15:34:58 IST" name="TestCase11" description="Verify that the contact us dialog works fine" data-provider="data-provider" finished-at="2024-02-08T15:35:00 IST" duration-ms="1851" status="PASS">
          <params>
            <param index="0">
              <value>
                <![CDATA[facebook user]]>
              </value>
            </param>
            <param index="1">
              <value>
                <![CDATA[test_user__@gmail.com]]>
              </value>
            </param>
            <param index="2">
              <value>
                <![CDATA[!!!special characters!!]]>
              </value>
            </param>
          </params>
          <reporter-output>
          </reporter-output>
        </test-method> <!-- TestCase11 -->
        <test-method signature="TestCase11(java.lang.String,java.lang.String,java.lang.String)[pri:11, instance:QKART_TESTNG.QKART_Tests@595520db]" started-at="2024-02-08T15:35:00 IST" name="TestCase11" description="Verify that the contact us dialog works fine" data-provider="data-provider" finished-at="2024-02-08T15:35:02 IST" duration-ms="1919" status="PASS">
          <params>
            <param index="0">
              <value>
                <![CDATA[hacker user !!!]]>
              </value>
            </param>
            <param index="1">
              <value>
                <![CDATA[bad_user@gmail.com]]>
              </value>
            </param>
            <param index="2">
              <value>
                <![CDATA[<XSS testing>]]>
              </value>
            </param>
          </params>
          <reporter-output>
          </reporter-output>
        </test-method> <!-- TestCase11 -->
        <test-method signature="TestCase12(java.lang.String,java.lang.String)[pri:12, instance:QKART_TESTNG.QKART_Tests@595520db]" started-at="2024-02-08T15:35:02 IST" name="TestCase12" description="Ensure that the Advertisement Links on the QKART page are clickable" data-provider="data-provider" finished-at="2024-02-08T15:35:30 IST" duration-ms="27662" status="PASS">
          <params>
            <param index="0">
              <value>
                <![CDATA[YONEX Smash Badminton Racquet]]>
              </value>
            </param>
            <param index="1">
              <value>
                <![CDATA[Addr line 1 addr Line 2 addr line 3]]>
              </value>
            </param>
          </params>
          <reporter-output>
          </reporter-output>
        </test-method> <!-- TestCase12 -->
        <test-method signature="TestCase12(java.lang.String,java.lang.String)[pri:12, instance:QKART_TESTNG.QKART_Tests@595520db]" started-at="2024-02-08T15:35:30 IST" name="TestCase12" description="Ensure that the Advertisement Links on the QKART page are clickable" data-provider="data-provider" finished-at="2024-02-08T15:35:57 IST" duration-ms="27880" status="PASS">
          <params>
            <param index="0">
              <value>
                <![CDATA[Connector]]>
              </value>
            </param>
            <param index="1">
              <value>
                <![CDATA[Apple Park, Cupertino, CA, U.S. - CA]]>
              </value>
            </param>
          </params>
          <reporter-output>
          </reporter-output>
        </test-method> <!-- TestCase12 -->
        <test-method signature="TestCase12(java.lang.String,java.lang.String)[pri:12, instance:QKART_TESTNG.QKART_Tests@595520db]" started-at="2024-02-08T15:35:57 IST" name="TestCase12" description="Ensure that the Advertisement Links on the QKART page are clickable" data-provider="data-provider" finished-at="2024-02-08T15:36:25 IST" duration-ms="27821" status="PASS">
          <params>
            <param index="0">
              <value>
                <![CDATA[Kindle]]>
              </value>
            </param>
            <param index="1">
              <value>
                <![CDATA[Dubai main road , Near Bus Stand]]>
              </value>
            </param>
          </params>
          <reporter-output>
          </reporter-output>
        </test-method> <!-- TestCase12 -->
        <test-method is-config="true" signature="quitDriver()[pri:0, instance:QKART_TESTNG.QKART_Tests@595520db]" started-at="2024-02-08T15:36:25 IST" name="quitDriver" finished-at="2024-02-08T15:36:25 IST" duration-ms="68" status="PASS">
          <reporter-output>
          </reporter-output>
        </test-method> <!-- quitDriver -->
      </class> <!-- QKART_TESTNG.QKART_Tests -->
    </test> <!-- Parallel Tests -->
  </suite> <!-- Parallel Testing Suite -->
</testng-results>
